-- Tests for DDLs that run other statements nested beneath them.
CALL TEST_reset();
SELECT yb_xcluster_ddl_replication.get_replication_role();
 get_replication_role 
----------------------
 source
(1 row)

-- REFRESH MATERIALIZED VIEW CONCURRENTLY internally runs utility statements
-- (e.g., CREATE TEMP TABLE, DROP TABLE) via SPI.  Only the REFRESH itself
-- should be captured, with its full query text; the internal statements must
-- not be captured or clear the captured text.
CREATE TABLE base_tbl (id INT PRIMARY KEY, v TEXT);
CREATE MATERIALIZED VIEW mv AS SELECT * FROM base_tbl;
CREATE UNIQUE INDEX mv_idx ON mv (id);
REFRESH MATERIALIZED VIEW CONCURRENTLY mv;
SELECT yb_data FROM public.TEST_filtered_ddl_queue() ORDER BY ddl_end_time;
                                                                                                                                                                                                                                                                                                yb_data                                                                                                                                                                                                                                                                                                 
--------------------------------------------------------------------------------------------------------------------------------------------------------------------------------------------------------------------------------------------------------------------------------------------------------------------------------------------------------------------------------------------------------------------------------------------------------------------------------------------------------------------------------------------------------------------------------------------------------
 {"user": "yugabyte", "query": "CREATE TABLE base_tbl (id INT PRIMARY KEY, v TEXT)", "schema": "public", "version": 1, "variables": {"timezone": "America/Los_Angeles", "datestyle": "Postgres, MDY", "intervalstyle": "postgres_verbose", "default_tablespace": "", "check_function_bodies": "on", "standard_conforming_strings": "on", "yb_use_hash_splitting_by_default": "on"}, "command_tag": "CREATE TABLE", "new_rel_map": [{"rel_name": "base_tbl", "relfile_oid": "***", "rel_namespace": "public"}]}
 {"user": "yugabyte", "query": "CREATE MATERIALIZED VIEW mv AS SELECT * FROM base_tbl", "schema": "public", "version": 1, "variables": {"timezone": "America/Los_Angeles", "datestyle": "Postgres, MDY", "intervalstyle": "postgres_verbose", "default_tablespace": "", "check_function_bodies": "on", "standard_conforming_strings": "on", "yb_use_hash_splitting_by_default": "on"}, "command_tag": "CREATE MATERIALIZED VIEW", "new_rel_map": [{"rel_name": "mv", "relfile_oid": "***", "rel_namespace": "public"}]}
 {"user": "yugabyte", "query": "CREATE UNIQUE INDEX mv_idx ON mv (id)", "schema": "public", "version": 1, "variables": {"timezone": "America/Los_Angeles", "datestyle": "Postgres, MDY", "intervalstyle": "postgres_verbose", "default_tablespace": "", "check_function_bodies": "on", "standard_conforming_strings": "on", "yb_use_hash_splitting_by_default": "on"}, "command_tag": "CREATE INDEX", "new_rel_map": [{"is_index": true, "rel_name": "mv_idx", "relfile_oid": "***", "rel_namespace": "public"}]}
 {"user": "yugabyte", "query": "REFRESH MATERIALIZED VIEW CONCURRENTLY mv", "schema": "public", "version": 1, "variables": {"timezone": "America/Los_Angeles", "datestyle": "Postgres, MDY", "intervalstyle": "postgres_verbose", "default_tablespace": "", "check_function_bodies": "on", "standard_conforming_strings": "on", "yb_use_hash_splitting_by_default": "on"}, "command_tag": "REFRESH MATERIALIZED VIEW", "new_rel_map": [{"rel_name": "mv", "relfile_oid": "***", "rel_namespace": "public"}, {"is_index": true, "rel_name": "mv_idx", "relfile_oid": "***", "rel_namespace": "public"}]}
(4 rows)

select * from TEST_verify_replicated_ddls();
 test_verify_replicated_ddls 
-----------------------------
 t
(1 row)

CALL TEST_reset();
-- DDLs run from inside DO blocks and procedures are real user DDLs; each is
-- captured with its own query text.
DO $$
BEGIN
  CREATE TABLE do_tbl1 (id INT);
  CREATE TABLE do_tbl2 (id INT);
END $$;
CREATE PROCEDURE create_tables() LANGUAGE plpgsql AS $$
BEGIN
  CREATE TABLE proc_tbl (id INT);
  CREATE INDEX proc_idx ON proc_tbl (id);
END $$;
CALL create_tables();
NOTICE:  making create index for table "proc_tbl" nonconcurrent
DETAIL:  Create index in transaction block cannot be concurrent.
HINT:  Consider running it outside of a transaction block. See https://github.com/yugabyte/yugabyte-db/issues/6240.
-- REFRESH MATERIALIZED VIEW CONCURRENTLY run from inside a procedure.  The
-- REFRESH is captured; its internal statements are still ignored.
CREATE PROCEDURE refresh_mv() LANGUAGE plpgsql AS $$
BEGIN
  REFRESH MATERIALIZED VIEW CONCURRENTLY mv;
END $$;
CALL refresh_mv();
SELECT yb_data FROM public.TEST_filtered_ddl_queue() ORDER BY ddl_end_time;
                                                                                                                                                                                                                                                                                                yb_data                                                                                                                                                                                                                                                                                                 
--------------------------------------------------------------------------------------------------------------------------------------------------------------------------------------------------------------------------------------------------------------------------------------------------------------------------------------------------------------------------------------------------------------------------------------------------------------------------------------------------------------------------------------------------------------------------------------------------------
 {"user": "yugabyte", "query": "CREATE TABLE do_tbl1 (id INT)", "schema": "public", "version": 1, "variables": {"timezone": "America/Los_Angeles", "datestyle": "Postgres, MDY", "intervalstyle": "postgres_verbose", "default_tablespace": "", "check_function_bodies": "on", "standard_conforming_strings": "on", "yb_use_hash_splitting_by_default": "on"}, "command_tag": "CREATE TABLE", "new_rel_map": [{"rel_name": "do_tbl1", "relfile_oid": "***", "rel_namespace": "public"}]}
 {"user": "yugabyte", "query": "CREATE TABLE do_tbl2 (id INT)", "schema": "public", "version": 1, "variables": {"timezone": "America/Los_Angeles", "datestyle": "Postgres, MDY", "intervalstyle": "postgres_verbose", "default_tablespace": "", "check_function_bodies": "on", "standard_conforming_strings": "on", "yb_use_hash_splitting_by_default": "on"}, "command_tag": "CREATE TABLE", "new_rel_map": [{"rel_name": "do_tbl2", "relfile_oid": "***", "rel_namespace": "public"}]}
 {"user": "yugabyte", "query": "CREATE PROCEDURE create_tables() LANGUAGE plpgsql AS $$\nBEGIN\n  CREATE TABLE proc_tbl (id INT);\n  CREATE INDEX proc_idx ON proc_tbl (id);\nEND $$", "schema": "public", "version": 1, "variables": {"timezone": "America/Los_Angeles", "datestyle": "Postgres, MDY", "intervalstyle": "postgres_verbose", "default_tablespace": "", "check_function_bodies": "on", "standard_conforming_strings": "on", "yb_use_hash_splitting_by_default": "on"}, "command_tag": "CREATE PROCEDURE"}
 {"user": "yugabyte", "query": "CREATE TABLE proc_tbl (id INT)", "schema": "public", "version": 1, "variables": {"timezone": "America/Los_Angeles", "datestyle": "Postgres, MDY", "intervalstyle": "postgres_verbose", "default_tablespace": "", "check_function_bodies": "on", "standard_conforming_strings": "on", "yb_use_hash_splitting_by_default": "on"}, "command_tag": "CREATE TABLE", "new_rel_map": [{"rel_name": "proc_tbl", "relfile_oid": "***", "rel_namespace": "public"}]}
 {"user": "yugabyte", "query": "CREATE INDEX proc_idx ON proc_tbl (id)", "schema": "public", "version": 1, "variables": {"timezone": "America/Los_Angeles", "datestyle": "Postgres, MDY", "intervalstyle": "postgres_verbose", "default_tablespace": "", "check_function_bodies": "on", "standard_conforming_strings": "on", "yb_use_hash_splitting_by_default": "on"}, "command_tag": "CREATE INDEX", "new_rel_map": [{"is_index": true, "rel_name": "proc_idx", "relfile_oid": "***", "rel_namespace": "public"}]}
 {"user": "yugabyte", "query": "CREATE PROCEDURE refresh_mv() LANGUAGE plpgsql AS $$\nBEGIN\n  REFRESH MATERIALIZED VIEW CONCURRENTLY mv;\nEND $$", "schema": "public", "version": 1, "variables": {"timezone": "America/Los_Angeles", "datestyle": "Postgres, MDY", "intervalstyle": "postgres_verbose", "default_tablespace": "", "check_function_bodies": "on", "standard_conforming_strings": "on", "yb_use_hash_splitting_by_default": "on"}, "command_tag": "CREATE PROCEDURE"}
 {"user": "yugabyte", "query": "REFRESH MATERIALIZED VIEW CONCURRENTLY mv", "schema": "public", "version": 1, "variables": {"timezone": "America/Los_Angeles", "datestyle": "Postgres, MDY", "intervalstyle": "postgres_verbose", "default_tablespace": "", "check_function_bodies": "on", "standard_conforming_strings": "on", "yb_use_hash_splitting_by_default": "on"}, "command_tag": "REFRESH MATERIALIZED VIEW", "new_rel_map": [{"rel_name": "mv", "relfile_oid": "***", "rel_namespace": "public"}, {"is_index": true, "rel_name": "mv_idx", "relfile_oid": "***", "rel_namespace": "public"}]}
(7 rows)

select * from TEST_verify_replicated_ddls();
 test_verify_replicated_ddls 
-----------------------------
 t
(1 row)

CALL TEST_reset();
-- Extension DDLs are captured as a single statement; the member DDLs that the
-- extension script runs are not captured separately.
CREATE EXTENSION pgcrypto;
DROP EXTENSION pgcrypto;
-- Same when the extension DDL itself is nested inside a DO block.
DO $$
BEGIN
  CREATE EXTENSION pgcrypto;
END $$;
DROP EXTENSION pgcrypto;
SELECT yb_data FROM public.TEST_filtered_ddl_queue() ORDER BY ddl_end_time;
                                                                                                                                                                                           yb_data                                                                                                                                                                                            
----------------------------------------------------------------------------------------------------------------------------------------------------------------------------------------------------------------------------------------------------------------------------------------------------------------------------------------------------------------------------------------------
 {"user": "yugabyte", "query": "CREATE EXTENSION pgcrypto", "schema": "public", "version": 1, "variables": {"timezone": "America/Los_Angeles", "datestyle": "Postgres, MDY", "intervalstyle": "postgres_verbose", "default_tablespace": "", "check_function_bodies": "on", "standard_conforming_strings": "on", "yb_use_hash_splitting_by_default": "on"}, "command_tag": "CREATE EXTENSION"}
 {"user": "yugabyte", "query": "DROP EXTENSION pgcrypto", "schema": "public", "version": 1, "variables": {"timezone": "America/Los_Angeles", "datestyle": "Postgres, MDY", "intervalstyle": "postgres_verbose", "default_tablespace": "", "check_function_bodies": "on", "standard_conforming_strings": "on", "yb_use_hash_splitting_by_default": "on"}, "command_tag": "DROP EXTENSION"}
 {"user": "yugabyte", "query": "CREATE EXTENSION pgcrypto", "schema": "public", "version": 1, "variables": {"timezone": "America/Los_Angeles", "datestyle": "Postgres, MDY", "intervalstyle": "postgres_verbose", "default_tablespace": "", "check_function_bodies": "on", "standard_conforming_strings": "on", "yb_use_hash_splitting_by_default": "on"}, "command_tag": "CREATE EXTENSION"}
 {"user": "yugabyte", "query": "DROP EXTENSION pgcrypto", "schema": "public", "version": 1, "variables": {"timezone": "America/Los_Angeles", "datestyle": "Postgres, MDY", "intervalstyle": "postgres_verbose", "default_tablespace": "", "check_function_bodies": "on", "standard_conforming_strings": "on", "yb_use_hash_splitting_by_default": "on"}, "command_tag": "DROP EXTENSION"}
(4 rows)

select * from TEST_verify_replicated_ddls();
 test_verify_replicated_ddls 
-----------------------------
 t
(1 row)

